// Jest Snapshot v1, https://goo.gl/fbAQLP

exports[`Navigation Filter Dropdown Component Has the expected markup 1`] = `
<menu
  class="menu"
>
  <button
    class="menu-button"
  >
    
    
  
  </button>
   
  <!---->
</menu>
`;
